// Jest Snapshot v1, https://goo.gl/fbAQLP

exports[`<PostDetail> includes name in <li> 1`] = `
<li
  data-testid="post"
>
  mocked post 2
</li>
`;
